// Jest Snapshot v1, https://goo.gl/fbAQLP

exports[`<GammaForm/> Shallow render of <GammaForm/> 1`] = `
ShallowWrapper {
  "length": 1,
  Symbol(enzyme.__root__): [Circular],
  Symbol(enzyme.__unrendered__): <GammaForm
    initialValues={
        Object {
            "icecream": "chocolate",
            "mySwitch": false,
            "number": "5000",
            "password": "fdas",
            "user": "asdf",
            "userAgreement": true,
          }
    }
    onSubmit={[Function]}
    render={[Function]}
/>,
  Symbol(enzyme.__renderer__): Object {
    "batchedUpdates": [Function],
    "getNode": [Function],
    "render": [Function],
    "simulateEvent": [Function],
    "unmount": [Function],
  },
  Symbol(enzyme.__node__): Object {
    "instance": null,
    "key": undefined,
    "nodeType": "class",
    "props": Object {
      "enableReinitialize": false,
      "initialValues": Object {
        "icecream": "chocolate",
        "mySwitch": false,
        "number": "5000",
        "password": "fdas",
        "user": "asdf",
        "userAgreement": true,
      },
      "isInitialValid": false,
      "onSubmit": [Function],
      "render": [Function],
      "validateOnBlur": true,
      "validateOnChange": true,
      "validationSchema": undefined,
    },
    "ref": null,
    "rendered": null,
    "type": [Function],
  },
  Symbol(enzyme.__nodes__): Array [
    Object {
      "instance": null,
      "key": undefined,
      "nodeType": "class",
      "props": Object {
        "enableReinitialize": false,
        "initialValues": Object {
          "icecream": "chocolate",
          "mySwitch": false,
          "number": "5000",
          "password": "fdas",
          "user": "asdf",
          "userAgreement": true,
        },
        "isInitialValid": false,
        "onSubmit": [Function],
        "render": [Function],
        "validateOnBlur": true,
        "validateOnChange": true,
        "validationSchema": undefined,
      },
      "ref": null,
      "rendered": null,
      "type": [Function],
    },
  ],
  Symbol(enzyme.__options__): Object {
    "adapter": ReactSixteenAdapter {
      "options": Object {
        "enableComponentDidUpdateOnSetState": true,
      },
    },
  },
}
`;
